<?xml version="1.0" encoding="utf-8"?>
<testsuites>
  <testsuite name="Contoso.Hello.HelloTests.dll" tests="1" failures="0" skipped="0" errors="0" time="0.181" timestamp="2017-12-31T14:59:12">
    <testcase name="My Name" classname="Contoso.Hello.HelloTests.EvenMoreUselessTests" time="0.0707464" />
  </testsuite>
</testsuites>